(Program (ClassDeclList
 (ClassDecl (Id A) (NullExp) 
 (VarDeclList ) 
 (MethodDeclList
 (MethodDecl (IntType) (Id go) (FormalList (Formal (IntType) (Id n) ) ) (VarDeclList (VarDecl (IntType) (Id i) (NullExp) ) ) (StmtList 
 (Assign (Id i) (Int 0) ) 
 (If (Relop > (Id n) (Int 0) ) 
 (Block (StmtList 
 (Print (Id n) ) 
 (Assign (Id i) (Call (This) (Id back) (ExpList (Binop - (Id n) (Int 1) ) ) ) ) ) ) (NullStmt) ) 
 (Return (Id i) ) ) ) (MethodDecl (IntType) (Id back) (FormalList (Formal (IntType) (Id n) ) ) (VarDeclList (VarDecl (IntType) (Id i) (NullExp) ) ) (StmtList 
 (Assign (Id i) (Call (This) (Id go) (ExpList (Id n) ) ) ) 
 (Return (Int 0) ) ) ) ) ) (ClassDecl (Id test) (NullExp) 
 (VarDeclList ) 
 (MethodDeclList
 (MethodDecl (NullType) (Id main) (FormalList ) (VarDeclList (VarDecl (ObjType (Id A) ) (Id x) (NullExp) ) ) (StmtList 
 (Assign (Id x) (NewObj (Id A) (ExpList ) ) ) 
 (Print (Call (Id x) (Id go) (ExpList (Int 5) ) ) ) ) ) ) ) ) )
